test_32_and_45_rejected (__main__.CenterKernelReaderContract.test_32_and_45_rejected) ... FAIL
test_advance_960_vs_1000_differs (__main__.CenterKernelReaderContract.test_advance_960_vs_1000_differs) ... FAIL
test_allowed_size_set_is_exact (__main__.CenterKernelReaderContract.test_allowed_size_set_is_exact) ... FAIL
test_chrome_path_untouched_by_reader_kernel (__main__.CenterKernelReaderContract.test_chrome_path_untouched_by_reader_kernel) ... ok
test_default_reader_body_size_is_26 (__main__.CenterKernelReaderContract.test_default_reader_body_size_is_26) ... FAIL
test_n16_kernels_are_1x1_for_all_four_classes (__main__.CenterKernelReaderContract.test_n16_kernels_are_1x1_for_all_four_classes) ... FAIL
test_n32_splits_k74_vs_k75_and_is_excluded (__main__.CenterKernelReaderContract.test_n32_splits_k74_vs_k75_and_is_excluded) ... FAIL
test_reader_body_binds_center_kernel_not_integer_n_snap (__main__.CenterKernelReaderContract.test_reader_body_binds_center_kernel_not_integer_n_snap) ... FAIL
test_rhu_is_round_half_up_not_bankers (__main__.CenterKernelReaderContract.test_rhu_is_round_half_up_not_bankers) ... FAIL
test_tian_zhong_absolute_occupancy_is_centered (__main__.CenterKernelReaderContract.test_tian_zhong_absolute_occupancy_is_centered) ... FAIL

======================================================================
FAIL: test_32_and_45_rejected (__main__.CenterKernelReaderContract.test_32_and_45_rejected)
----------------------------------------------------------------------
Traceback (most recent call last):
  File "/Volumes/z/paseo/workspaces/paseo/worktrees/0xdf4ldr/m4-ox-supervisor/simulator/tests/test_center_kernel_reader_contract.py", line 171, in test_32_and_45_rejected
    self.assertIsNotNone(allowed, "missing allowed-size table")
    ~~~~~~~~~~~~~~~~~~~~^^^^^^^^^^^^^^^^^^^^^^^^^^^^^^^^^^^^^^^
AssertionError: unexpectedly None : missing allowed-size table

======================================================================
FAIL: test_advance_960_vs_1000_differs (__main__.CenterKernelReaderContract.test_advance_960_vs_1000_differs)
----------------------------------------------------------------------
Traceback (most recent call last):
  File "/Volumes/z/paseo/workspaces/paseo/worktrees/0xdf4ldr/m4-ox-supervisor/simulator/tests/test_center_kernel_reader_contract.py", line 249, in test_advance_960_vs_1000_differs
    self.assertTrue(KERNEL_H.is_file(), f"missing {KERNEL_H}")
    ~~~~~~~~~~~~~~~^^^^^^^^^^^^^^^^^^^^^^^^^^^^^^^^^^^^^^^^^^^
AssertionError: False is not true : missing /Volumes/z/paseo/workspaces/paseo/worktrees/0xdf4ldr/m4-ox-supervisor/firmware/src/util/CenterKernelFont.h

======================================================================
FAIL: test_allowed_size_set_is_exact (__main__.CenterKernelReaderContract.test_allowed_size_set_is_exact)
----------------------------------------------------------------------
Traceback (most recent call last):
  File "/Volumes/z/paseo/workspaces/paseo/worktrees/0xdf4ldr/m4-ox-supervisor/simulator/tests/test_center_kernel_reader_contract.py", line 156, in test_allowed_size_set_is_exact
    self.assertIsNotNone(
    ~~~~~~~~~~~~~~~~~~~~^
        allowed,
        ^^^^^^^^
        "production must declare kReaderBodyPixelSizes = {16,24,26,36,38,40,48}",
        ^^^^^^^^^^^^^^^^^^^^^^^^^^^^^^^^^^^^^^^^^^^^^^^^^^^^^^^^^^^^^^^^^^^^^^^^^
    )
    ^
AssertionError: unexpectedly None : production must declare kReaderBodyPixelSizes = {16,24,26,36,38,40,48}

======================================================================
FAIL: test_default_reader_body_size_is_26 (__main__.CenterKernelReaderContract.test_default_reader_body_size_is_26)
----------------------------------------------------------------------
Traceback (most recent call last):
  File "/Volumes/z/paseo/workspaces/paseo/worktrees/0xdf4ldr/m4-ox-supervisor/simulator/tests/test_center_kernel_reader_contract.py", line 185, in test_default_reader_body_size_is_26
    self.assertRegex(header, r"readerPixelSize\s*=\s*26")
    ~~~~~~~~~~~~~~~~^^^^^^^^^^^^^^^^^^^^^^^^^^^^^^^^^^^^^
AssertionError: Regex didn't match: 'readerPixelSize\\s*=\\s*26' not found in '#pragma once\n#include <cstdint>\n#include <iosfwd>\n\nclass CrossPointSettings {\n private:\n  // Private constructor for singleton\n  CrossPointSettings() = default;\n\n  // Static instance\n  static CrossPointSettings instance;\n\n  // Internal: load from legacy binary format (one-time migration only)\n  bool loadFromBinaryFile();\n\n public:\n  // Delete copy constructor and assignment\n  CrossPointSettings(const CrossPointSettings&) = delete;\n  CrossPointSettings& operator=(const CrossPointSettings&) = delete;\n\n  enum SLEEP_SCREEN_MODE {\n    DARK = 0,\n    LIGHT = 1,\n    CUSTOM = 2,\n    COVER = 3,\n    MARSK = 4,\n    MARSK2 = 5,\n    BLANK = 6,\n    COVER_CUSTOM = 7,\n    TRANSPARENT = 8,  // 透明叠加：保留当前 framebuffer（阅读内容），叠加覆盖层图片\n    SLEEP_SCREEN_MODE_COUNT\n  };\n  enum SLEEP_SCREEN_COVER_MODE { FIT = 0, CROP = 1, SLEEP_SCREEN_COVER_MODE_COUNT };\n  enum SLEEP_SCREEN_COVER_FILTER {\n    NO_FILTER = 0,\n    BLACK_AND_WHITE = 1,\n    INVERTED_BLACK_AND_WHITE = 2,\n    SLEEP_SCREEN_COVER_FILTER_COUNT\n  };\n\n  // Status bar display type enum\n  enum STATUS_BAR_MODE {\n    NONE = 0,\n    NO_PROGRESS = 1,\n    FULL = 2,\n    BOOK_PROGRESS_BAR = 3,\n    ONLY_BOOK_PROGRESS_BAR = 4,\n    CHAPTER_PROGRESS_BAR = 5,\n    STATUS_BAR_MODE_COUNT\n  };\n\n  enum ORIENTATION {\n    PORTRAIT = 0,       // 480x800 logical coordinates (current default)\n    LANDSCAPE_CW = 1,   // 800x480 logical coordinates, rotated 180° (swap top/bottom)\n    INVERTED = 2,       // 480x800 logical coordinates, inverted\n    LANDSCAPE_CCW = 3,  // 800x480 logical coordinates, native panel orientation\n    ORIENTATION_COUNT\n  };\n\n  // Front button layout options (legacy)\n  // Default: Back, Confirm, Left, Right\n  // Swapped: Left, Right, Back, Confirm\n  enum FRONT_BUTTON_LAYOUT {\n    BACK_CONFIRM_LEFT_RIGHT = 0,\n    LEFT_RIGHT_BACK_CONFIRM = 1,\n    LEFT_BACK_CONFIRM_RIGHT = 2,\n    BACK_CONFIRM_RIGHT_LEFT = 3,\n    FRONT_BUTTON_LAYOUT_COUNT\n  };\n\n  // Front button hardware identifiers (for remapping)\n  enum FRONT_BUTTON_HARDWARE {\n    FRONT_HW_BACK = 0,\n    FRONT_HW_CONFIRM = 1,\n    FRONT_HW_LEFT = 2,\n    FRONT_HW_RIGHT = 3,\n    FRONT_BUTTON_HARDWARE_COUNT\n  };\n\n  // Side button layout options\n  // Default: Previous, Next\n  // Swapped: Next, Previous\n  enum SIDE_BUTTON_LAYOUT { PREV_NEXT = 0, NEXT_PREV = 1, SIDE_BUTTON_LAYOUT_COUNT };\n\n  // 主页面图标风格选项\n  enum HOME_ICON_STYLE {\n    CORNERS_ONLY = 0,           // 仅四角\n    GRAY_BG_ONLY = 1,           // 仅灰色背景\n    DASHED_BORDER_ONLY = 2,     // 仅虚线边框\n    SOLID_BORDER_ONLY = 3,      // 仅实线边框\n    CORNERS_AND_GRAY_BG = 4,    // 四角+灰色背景\n    HOME_ICON_STYLE_COUNT\n  };\n\n  // Font family options\n  enum FONT_FAMILY { SYSTEM_FONT = 0, FONT_CUSTOM = 1, FONT_FAMILY_COUNT };\n  // Font size options\n  enum FONT_SIZE { SMALL = 0, MEDIUM = 1, LARGE = 2, EXTRA_LARGE = 3, FONT_SIZE_COUNT };\n  // Reader body size is one family-independent pixel setting. The old enum is\n  // retained only for binary/settings migration compatibility.\n  static constexpr uint8_t READER_PIXEL_SIZE_MIN = 12;\n  static constexpr uint8_t READER_PIXEL_SIZE_MAX = 48;\n  static uint8_t clampReaderPixelSize(int px) {\n    if (px < READER_PIXEL_SIZE_MIN) return READER_PIXEL_SIZE_MIN;\n    if (px > READER_PIXEL_SIZE_MAX) return READER_PIXEL_SIZE_MAX;\n    return static_cast<uint8_t>(px);\n  }\n  enum LINE_COMPRESSION { TIGHT = 0, NORMAL = 1, WIDE = 2, LINE_COMPRESSION_COUNT };\n  enum WORDS_COMPRESSION { WORD_TIGHT = 0, WORD_NORMAL = 1, WORD_WIDE = 2, WORD_COMPRESSION_COUNT };\n  enum PARAGRAPH_ALIGNMENT {\n    JUSTIFIED = 0,\n    LEFT_ALIGN = 1,\n    CENTER_ALIGN = 2,\n    RIGHT_ALIGN = 3,\n    BOOK_STYLE = 4,\n    PARAGRAPH_ALIGNMENT_COUNT\n  };\n\n  // Auto-sleep timeout options (in minutes)\n  enum SLEEP_TIMEOUT {\n    SLEEP_1_MIN = 0,\n    SLEEP_5_MIN = 1,\n    SLEEP_10_MIN = 2,\n    SLEEP_15_MIN = 3,\n    SLEEP_30_MIN = 4,\n    SLEEP_TIMEOUT_COUNT\n  };\n\n  // E-ink cleanup frequency (pages between reader-body cleanup passes)\n  enum REFRESH_FREQUENCY {\n    REFRESH_1 = 0,\n    REFRESH_5 = 1,\n    REFRESH_10 = 2,\n    REFRESH_15 = 3,\n    REFRESH_30 = 4,\n    REFRESH_FREQUENCY_COUNT\n  };\n\n  // Short power button press actions\n  enum SHORT_PWRBTN { IGNORE = 0, SLEEP = 1, PAGE_TURN = 2, FULL_REFRESH = 3, CONFIRM = 4, SHORT_PWRBTN_COUNT };\n\n  // Hide battery percentage\n  enum HIDE_BATTERY_PERCENTAGE { HIDE_NEVER = 0, HIDE_READER = 1, HIDE_ALWAYS = 2, HIDE_BATTERY_PERCENTAGE_COUNT };\n\n  // UI Theme\n  enum UI_THEME { CLASSIC = 0, LYRA = 1 };\n\n  // Chinese punctuation width mode\n  enum PUNCT_WIDTH { PUNCT_COMPACT = 0, PUNCT_STANDARD = 1 };\n\n  // Sleep screen settings\n  uint8_t sleepScreen = LIGHT;\n  // Sleep screen cover mode settings\n  uint8_t sleepScreenCoverMode = FIT;\n  // Sleep screen cover filter\n  uint8_t sleepScreenCoverFilter = NO_FILTER;\n  // Status bar settings\n  uint8_t statusBar = FULL;\n  // Text rendering settings\n  uint8_t extraParagraphSpacing = 0;\n  uint8_t textAntiAliasing = 0;\n  // Short power button click behaviour\n  uint8_t shortPwrBtn = PAGE_TURN;\n  // EPUB reading orientation settings\n  // 0 = portrait (default), 1 = landscape clockwise, 2 = inverted, 3 = landscape counter-clockwise\n  uint8_t orientation = PORTRAIT;\n  // Button layouts (front layout retained for migration only)\n  uint8_t frontButtonLayout = BACK_CONFIRM_LEFT_RIGHT;\n  uint8_t sideButtonLayout = PREV_NEXT;\n  // Front button remap (logical -> hardware)\n  // Used by MappedInputManager to translate logical buttons into physical front buttons.\n  uint8_t frontButtonBack = FRONT_HW_BACK;\n  uint8_t frontButtonConfirm = FRONT_HW_CONFIRM;\n  uint8_t frontButtonLeft = FRONT_HW_LEFT;\n  uint8_t frontButtonRight = FRONT_HW_RIGHT;\n  // Reader font settings\n  uint8_t fontFamily = SYSTEM_FONT;\n  uint8_t readerPixelSize = 18;  // canonical reader body size, independent of family\n  uint8_t customFontSize = 0;  // legacy JSON/binary alias; runtime never uses this\n  char customFontFamily[64] = "";\n  uint8_t fontSize = LARGE;\n  uint8_t lineSpacing = NORMAL;   // Legacy: 0=TIGHT, 1=NORMAL, 2=WIDE\n  uint8_t customLineSpacing = 10;  // Custom line spacing: 5-20 -> 0.5-2.0 (default 1.1)\n  uint8_t firstlineintented = 1;\n  int8_t wordSpacing = 0;\n  int8_t underlineOffset = 5;  // Underline offset from baseline in pixels: -10 to 10 (default 0)\n  uint8_t underlineStyle = 1;  // Underline style: 0=Solid, 1=ShortDash, 2=MediumDash, 3=LongDash, 4=DotLine (default 1=ShortDash)\n  uint8_t paragraphAlignment = JUSTIFIED;\n  // Chinese punctuation width: 0=compact (default), 1=standard (full-width)\n  uint8_t chinesePunctWidth = PUNCT_COMPACT;\n\n  // Show images in EPUB: 1=enabled (default), 0=disabled\n  uint8_t epubShowImages = 1;\n  // Auto-sleep timeout setting (default 10 minutes)\n  uint8_t sleepTimeout = SLEEP_10_MIN;\n  // E-ink refresh frequency (default 15 pages)\n  // NOTE: Now stores actual page count (1-30), not enum index\n  uint8_t refreshFrequency = 10;\n  uint8_t hyphenationEnabled = 0;\n\n  // Reader screen margin settings\n  // Reader screen margin settings\n  uint8_t screenMargin_Top = 10;\n  uint8_t screenMargin_Left = 10;\n  uint8_t screenMargin_Bottom = 10;\n  uint8_t screenMargin_Right = 10;\n  // OPDS browser settings\n  char opdsServerUrl[128] = "";\n  char opdsUsername[64] = "";\n  char opdsPassword[64] = "";\n\n  // 坚果云 settings\n  char jgUsername[64] = "";     // 坚果云账号（邮箱）\n  char jgAppPassword[64] = "";  // 坚果云应用密码\n  char jgBookFolder[128] = "";  // 电子书文件夹路径\n\n  // 数据胶囊 settings (WebDAV)\n  char dcUsername[64] = "";     // 数据胶囊用户名\n  char dcPassword[64] = "";     // 数据胶囊密码\n  char dcWebdavUrl[128] = "https://data.cstcloud.cn/dav";  // 数据胶囊WebDAV地址\n\n  // Z-Library 配置\n  char zlibEmail[64] = "";\n  char zlibPassword[64] = "";\n  // 新加划线\n  uint8_t extraline = 1;\n  // Bluetooth enabled state (persistent)\n  uint8_t bluetoothEnabled = 0;\n\n  // 阅读背景设置\n  uint8_t ReadingScreenEnabled = 0;  // Whether to show the reading screen background image\n  // Hide battery percentage\n  uint8_t hideBatteryPercentage = HIDE_ALWAYS;\n  // Long press to boot (1=require 2s hold to wake from sleep, 0=short press ok)\n  uint8_t longPressBoot = 1;\n  // Never trigger reader-body cleanup (1=disabled cleanup, 0=use refreshFrequency)\n  uint8_t neverFullRefresh = 0;\n\n  // Long-press chapter skip on side buttons\n  uint8_t longPressChapterSkip = 1;\n  // Global next page mode enabled (persistent)\n  uint8_t globalNextPageModeEnabled = 0;\n  // UI Theme\n  uint8_t uiTheme = LYRA;\n  // Sunlight fading compensation\n  uint8_t fadingFix = 0;\n  // Use book\'s embedded CSS styles for EPUB rendering (1 = enabled, 0 = disabled)\n  uint8_t embeddedStyle = 0;\n  // Library home directory (file manager entry point)\n  char libraryHomePath[128] = "";\n\n  // Auto page turn settings\n  uint8_t autoPageTurnEnabled = 0;    // 0=关闭, 1=开启\n  uint8_t autoPageTurnMode = 1;       // 0=全屏翻页, 1=半屏翻页\n  uint8_t autoPageTurnInterval = 10;  // 翻页间隔(秒), 1-60\n\n  // Tilt page turn settings (晃动翻页)\n  uint8_t tiltPageTurnEnabled = 0;    // 0=关闭, 1=开启\n  uint8_t tiltScope = 0;              // 0=仅阅读生效, 1=全局生效\n  uint8_t tiltTriggerAngle = 20;      // 触发角度(度), 1-90\n  uint8_t tiltReleaseAngle = 10;       // 回正角度(度), 0-89, 默认=triggerAngle-1\n  uint16_t tiltHoldTimeMs = 200;      // 倾斜持续时间(毫秒), 50-2000\n  uint16_t tiltCooldownTimeMs = 800;  // 冷却时间(毫秒), 100-5000\n  uint8_t tiltLeftAction = 0;         // 向左倾斜: 0=上一页, 1=下一页\n  uint8_t tiltRightAction = 1;        // 向右倾斜: 0=上一页, 1=下一页\n  uint8_t tiltLargeLeftAction = 0;    // 大幅度向左倾斜(>70°): 0=上一页, 1=下一页, 2=自动翻页, 3=打开菜单\n  uint8_t tiltLargeRightAction = 1;   // 大幅度向右倾斜(>70°): 0=上一页, 1=下一页, 2=自动翻页, 3=打开菜单\n\n  // Tap page turn settings (敲击翻页)\n  uint8_t tapPageTurnEnabled = 0;     // 0=关闭, 1=开启\n  uint8_t tapAction = 1;              // 敲击动作: 0=上一页, 1=下一页\n  uint8_t tapThresholdG = 12;         // 触发阈值(0.01g单位), 5-80, 默认12=0.12g\n  uint16_t tapCooldownMs = 600;       // 冷却时间(毫秒), 200-3000\n\n  // Auto-rotate settings (自动旋转)\n  uint8_t autoRotateEnabled = 0;      // 0=关闭, 1=开启\n\n  // Landscape dual-page mode (横屏双分页)\n  uint8_t landscapeDualPageEnabled = 0;  // 0=关闭（默认，横屏时文字不变左右模式）, 1=开启\n\n  // Button hints display toggle (按钮提示开关)\n  uint8_t buttonHintsEnabled = 0;  // 0=隐藏按钮提示（默认）, 1=显示\n\n  // Frontlight (Murphy M4 dual-channel cool/warm PWM). 0 brightness = off.\n  // Warmth 0 = fully cool, 100 = fully warm. Retained across reboot.\n  uint8_t frontlightBrightness = 20;\n  uint8_t frontlightWarmth = 50;\n\n  // WiFi每次都重新选择 (1=每次都重新选择, 0=自动重连上次WiFi)\n  uint8_t wifiAlwaysReselect = 1;\n\n  // PNG/JPG 关机壁纸渲染模式：1=普通壁纸(invertScreen→深色背景), 0=透明壁纸(浅色背景)\n  uint8_t sleepPngInvert = 1;\n\n  // 关机前全刷：1=每次关机前清屏全刷，0=直接关机不清屏\n  uint8_t sleepBeforeFullRefresh = 1;\n\n  // --- 系统动画（Home / activity 转场）---\n  // 1=开启系统界面擦入动画，0=关闭。与阅读器翻页动画独立。\n  uint8_t systemAnimationEnabled = 0;\n\n  // --- 翻页动画（阅读器 PageTurnAnimation）---\n  // 阅读器开关：1=开启翻页动画，0=关闭（默认关闭，传统瞬时翻页）\n  uint8_t pageTurnAnimationEnabled = 0;\n  // 动画步数（2..64，默认 9；= 刷新次数）\n  uint8_t pageTurnAnimationSteps = 9;\n  // 局部窗口宽度（步长倍数 1..16，默认 4）\n  uint8_t pageTurnAnimationMult = 4;\n  // 波形 TP 值（0x01..0x10，默认 0x02）\n  uint8_t pageTurnAnimationTp = 0x02;\n  // 帧率（0x22/0x44/0x88，默认 0x88）\n  uint8_t pageTurnAnimationFrameRate = 0x88;\n  // 翻页方向：0=右→左，1=左→右，2=下→上，3=上→下（默认 0）\n  uint8_t pageTurnAnimationDir = 0;\n\n  // 图片渲染质量：0=普通(1-bit BW+dithering)，1=高清(2-bit 4阶灰度)\n  enum IMAGE_QUALITY { QUALITY_FAST = 0, QUALITY_NORMAL = 1, QUALITY_HD = 2 };\n  uint8_t imageQuality = QUALITY_NORMAL;\n\n  // 透明叠加壁纸：覆盖层图片的 _hd.pxc 路径（用于 TRANSPARENT 关机模式）\n  char transparentOverlayPxc[128] = "";\n\n  // EPUB 阅读暗黑模式（反色显示，仅阅读页面生效）\n  uint8_t epubDarkMode = 0;\n\n  // 主页面图标风格\n  uint8_t homeIconStyle = CORNERS_ONLY;\n\n  // 图标风格：0=风格一, 1=风格二, 2=风格三\n  uint8_t iconStyle = 0;\n\n  // 透明壁纸去白色：1=白色像素作为透明扔掉，0=保留白色像素\n  uint8_t transparentRemoveWhite = 1;\n\n  // 长按确认键功能映射（0=切换全局下一页, 1=打开蓝牙配置, 2=切换自动翻页, 3=切换抗锯齿, 4=切换暗黑模式, X3:5=切换晃动翻页, 5/6=无）\n#ifdef CROSSPOINT_X3\n  uint8_t longPressConfirmAction = 6;  // 默认无\n#else\n  uint8_t longPressConfirmAction = 5;  // 默认无\n#endif\n\n  // 文件管理器确认键行为：0=单击弹出菜单（默认），1=长按弹出菜单\n  uint8_t libraryLongPressMenu = 1;\n\n  // 开机自动同步时间（X4 NTP对时开关，默认关闭）\n  uint8_t autoSyncTimeOnBoot = 0;\n\n  // 阅读页面显示时间而非章节名（1=显示时间，0=显示章节名，默认开启）\n  uint8_t showTimeInsteadOfChapter = 1;\n\n  // 蓝牙按键自定义映射（6个槽）\n  // Code: BT HID按键码 (0x00=未设置)；Action: 目标按键索引 (0xFF=未映射, 对应HalGPIO::BTN_*)\n  // BTN_BACK=0, BTN_CONFIRM=1, BTN_LEFT=2, BTN_RIGHT=3, BTN_UP=4, BTN_DOWN=5\n  uint8_t btKey1Code = 0x00;   uint8_t btKey1Action = 0xFF;\n  uint8_t btKey2Code = 0x00;   uint8_t btKey2Action = 0xFF;\n  uint8_t btKey3Code = 0x00;   uint8_t btKey3Action = 0xFF;\n  uint8_t btKey4Code = 0x00;   uint8_t btKey4Action = 0xFF;\n  uint8_t btKey5Code = 0x00;   uint8_t btKey5Action = 0xFF;\n  uint8_t btKey6Code = 0x00;   uint8_t btKey6Action = 0xFF;\n\n  // 直读TXT文档：1=直接读取TXT（默认），0=转换为EPUB后打开\n  uint8_t directTxtRead = 1;\n\n  // 系统语言：0=简体中文（默认），1=繁体中文\n  uint8_t systemLanguage = 0;\n\n  // Murphy M4 only: USB serial debug bridge (m4adb). 0=off (default), 1=on.\n  // Changed only via on-device Developer Options UI — never via web/API/serial.\n  // Persists across reboot; runtime-gated (bridge is compiled into M4 firmware).\n  uint8_t developerSerialDebugEnabled = 0;\n\n  ~CrossPointSettings() = default;\n\n  uint8_t getReaderPixelSize() const { return clampReaderPixelSize(readerPixelSize); }\n  void setReaderPixelSize(uint8_t px) { readerPixelSize = clampReaderPixelSize(px); }\n\n  // Get singleton instance\n  static CrossPointSettings& getInstance() { return instance; }\n\n  uint16_t getPowerButtonDuration() const {\n    return (shortPwrBtn == CrossPointSettings::SHORT_PWRBTN::SLEEP) ? 10 : 400;\n  }\n  int getReaderFontId() const;\n\n  bool saveToFile() const;\n  bool loadFromFile();\n  void resetToDefaults();\n\n  float getReaderLineCompression() const;\n  unsigned long getSleepTimeoutMs() const;\n  int getRefreshFrequency() const;\n};\n\n// Helper macro to access settings\n#define SETTINGS CrossPointSettings::getInstance()\n'

======================================================================
FAIL: test_n16_kernels_are_1x1_for_all_four_classes (__main__.CenterKernelReaderContract.test_n16_kernels_are_1x1_for_all_four_classes)
----------------------------------------------------------------------
Traceback (most recent call last):
  File "/Volumes/z/paseo/workspaces/paseo/worktrees/0xdf4ldr/m4-ox-supervisor/simulator/tests/test_center_kernel_reader_contract.py", line 212, in test_n16_kernels_are_1x1_for_all_four_classes
    self.assertTrue(KERNEL_H.is_file(), f"missing {KERNEL_H}")
    ~~~~~~~~~~~~~~~^^^^^^^^^^^^^^^^^^^^^^^^^^^^^^^^^^^^^^^^^^^
AssertionError: False is not true : missing /Volumes/z/paseo/workspaces/paseo/worktrees/0xdf4ldr/m4-ox-supervisor/firmware/src/util/CenterKernelFont.h

======================================================================
FAIL: test_n32_splits_k74_vs_k75_and_is_excluded (__main__.CenterKernelReaderContract.test_n32_splits_k74_vs_k75_and_is_excluded)
----------------------------------------------------------------------
Traceback (most recent call last):
  File "/Volumes/z/paseo/workspaces/paseo/worktrees/0xdf4ldr/m4-ox-supervisor/simulator/tests/test_center_kernel_reader_contract.py", line 231, in test_n32_splits_k74_vs_k75_and_is_excluded
    self.assertIsNotNone(allowed)
    ~~~~~~~~~~~~~~~~~~~~^^^^^^^^^
AssertionError: unexpectedly None

======================================================================
FAIL: test_reader_body_binds_center_kernel_not_integer_n_snap (__main__.CenterKernelReaderContract.test_reader_body_binds_center_kernel_not_integer_n_snap)
----------------------------------------------------------------------
Traceback (most recent call last):
  File "/Volumes/z/paseo/workspaces/paseo/worktrees/0xdf4ldr/m4-ox-supervisor/simulator/tests/test_center_kernel_reader_contract.py", line 274, in test_reader_body_binds_center_kernel_not_integer_n_snap
    self.assertTrue(KERNEL_FACE_H.is_file(), f"missing {KERNEL_FACE_H}")
    ~~~~~~~~~~~~~~~^^^^^^^^^^^^^^^^^^^^^^^^^^^^^^^^^^^^^^^^^^^^^^^^^^^^^
AssertionError: False is not true : missing /Volumes/z/paseo/workspaces/paseo/worktrees/0xdf4ldr/m4-ox-supervisor/firmware/lib/EpdFont/CenterKernelEpdFont.h

======================================================================
FAIL: test_rhu_is_round_half_up_not_bankers (__main__.CenterKernelReaderContract.test_rhu_is_round_half_up_not_bankers)
----------------------------------------------------------------------
Traceback (most recent call last):
  File "/Volumes/z/paseo/workspaces/paseo/worktrees/0xdf4ldr/m4-ox-supervisor/simulator/tests/test_center_kernel_reader_contract.py", line 198, in test_rhu_is_round_half_up_not_bankers
    self.assertTrue(KERNEL_H.is_file(), f"missing production math header {KERNEL_H}")
    ~~~~~~~~~~~~~~~^^^^^^^^^^^^^^^^^^^^^^^^^^^^^^^^^^^^^^^^^^^^^^^^^^^^^^^^^^^^^^^^^^
AssertionError: False is not true : missing production math header /Volumes/z/paseo/workspaces/paseo/worktrees/0xdf4ldr/m4-ox-supervisor/firmware/src/util/CenterKernelFont.h

======================================================================
FAIL: test_tian_zhong_absolute_occupancy_is_centered (__main__.CenterKernelReaderContract.test_tian_zhong_absolute_occupancy_is_centered)
----------------------------------------------------------------------
Traceback (most recent call last):
  File "/Volumes/z/paseo/workspaces/paseo/worktrees/0xdf4ldr/m4-ox-supervisor/simulator/tests/test_center_kernel_reader_contract.py", line 263, in test_tian_zhong_absolute_occupancy_is_centered
    self.assertTrue(OCCUPANCY_BLOB.is_file(), f"missing occupancy blob {OCCUPANCY_BLOB}")
    ~~~~~~~~~~~~~~~^^^^^^^^^^^^^^^^^^^^^^^^^^^^^^^^^^^^^^^^^^^^^^^^^^^^^^^^^^^^^^^^^^^^^^
AssertionError: False is not true : missing occupancy blob /Volumes/z/paseo/workspaces/paseo/worktrees/0xdf4ldr/m4-ox-supervisor/firmware/src/fontdata/m4_center_kernel_16x16.bin

----------------------------------------------------------------------
Ran 10 tests in 0.002s

FAILED (failures=9)
